
> frontend@0.1.0 build
> next build

Ôû▓ Next.js 16.1.7 (Turbopack)
- Environments: .env.local

  Creating an optimized production build ...
node.exe : 
No linha:1 caractere:1
+ & "C:\Program Files\nodejs/node.exe" "C:\Users\mathe\AppData\Roaming\ ...
+ ~~~~~~~~~~~~~~~~~~~~~~~~~~~~~~~~~~~~~~~~~~~~~~~~~~~~~~~~~~~~~~~~~~~~~
    + CategoryInfo          : NotSpecified: (:String) [], RemoteException
    + FullyQualifiedErrorId : NativeCommandError
 
> Build error occurred
Error: Turbopack build failed with 1 errors:
./app/page.tsx:198:2
Parsing ecmascript source code failed
[0m [90m 196 |[39m   )[33m;[39m
 [90m 197 |[39m }
[31m[1m>[22m[39m[90m 198 |[39m  [33m*[39m [33mAdicione[39m isso no 
seu main[33m.[39mpy [36mdo[39m backend para aceitar requisi├º├Áes 
[36mdo[39m frontend[33m:[39m
 [90m     |[39m  [31m[1m^[22m[39m
 [90m 199 |[39m  [33m*[39m 
 [90m 200 |[39m  [33m*[39m [36mfrom[39m 
fastapi[33m.[39mmiddleware[33m.[39mcors [36mimport[39m 
[33mCORSMiddleware[39m
 [90m 201 |[39m  [33m*[39m [0m

Expression expected


    at <unknown> (./app/page.tsx:198:2)
